Archive member included to satisfy reference by file (symbol)

C:\Users\User\Desktop\LPS_PR~1\Sources\Software\PRODUC~1\LANDMA~1\LANDMA~1\ARDUIN~1\Debug\libArduinoCore.a(HardwareSerial.o)
                              Sketch.o (_ZN14HardwareSerial5beginEmh)
C:\Users\User\Desktop\LPS_PR~1\Sources\Software\PRODUC~1\LANDMA~1\LANDMA~1\ARDUIN~1\Debug\libArduinoCore.a(HardwareSerial0.o)
                              Drivers/LandmarkReader.o (Serial)
C:\Users\User\Desktop\LPS_PR~1\Sources\Software\PRODUC~1\LANDMA~1\LANDMA~1\ARDUIN~1\Debug\libArduinoCore.a(main.o)
                              C:/Program Files (x86)/Atmel/Studio/7.0/Packs/atmel/ATmega_DFP/1.2.209/gcc/dev/atmega328p/avr5/crtatmega328p.o (main)
C:\Users\User\Desktop\LPS_PR~1\Sources\Software\PRODUC~1\LANDMA~1\LANDMA~1\ARDUIN~1\Debug\libArduinoCore.a(Print.o)
                              C:\Users\User\Desktop\LPS_PR~1\Sources\Software\PRODUC~1\LANDMA~1\LANDMA~1\ARDUIN~1\Debug\libArduinoCore.a(HardwareSerial.o) (_ZN5Print5writeEPKhj)
C:\Users\User\Desktop\LPS_PR~1\Sources\Software\PRODUC~1\LANDMA~1\LANDMA~1\ARDUIN~1\Debug\libArduinoCore.a(WInterrupts.o)
                              Drivers/Encoder.o (attachInterrupt)
C:\Users\User\Desktop\LPS_PR~1\Sources\Software\PRODUC~1\LANDMA~1\LANDMA~1\ARDUIN~1\Debug\libArduinoCore.a(wiring.o)
                              Drivers/LandmarkReader.o (delay)
C:\Users\User\Desktop\LPS_PR~1\Sources\Software\PRODUC~1\LANDMA~1\LANDMA~1\ARDUIN~1\Debug\libArduinoCore.a(wiring_digital.o)
                              Drivers/LandmarkReader.o (pinMode)
C:\Users\User\Desktop\LPS_PR~1\Sources\Software\PRODUC~1\LANDMA~1\LANDMA~1\ARDUIN~1\Debug\libArduinoCore.a(abi.o)
                              C:\Users\User\Desktop\LPS_PR~1\Sources\Software\PRODUC~1\LANDMA~1\LANDMA~1\ARDUIN~1\Debug\libArduinoCore.a(Print.o) (__cxa_pure_virtual)
C:\Users\User\Desktop\LPS_PR~1\Sources\Software\PRODUC~1\LANDMA~1\LANDMA~1\ARDUIN~1\Debug\libArduinoCore.a(hooks.o)
                              C:\Users\User\Desktop\LPS_PR~1\Sources\Software\PRODUC~1\LANDMA~1\LANDMA~1\ARDUIN~1\Debug\libArduinoCore.a(wiring.o) (yield)
c:/program files (x86)/atmel/studio/7.0/toolchain/avr8/avr8-gnu-toolchain/bin/../lib/gcc/avr/5.4.0/../../../../avr/lib/avr5\libm.a(addsf3.o)
                              C:\Users\User\Desktop\LPS_PR~1\Sources\Software\PRODUC~1\LANDMA~1\LANDMA~1\ARDUIN~1\Debug\libArduinoCore.a(Print.o) (__subsf3)
c:/program files (x86)/atmel/studio/7.0/toolchain/avr8/avr8-gnu-toolchain/bin/../lib/gcc/avr/5.4.0/../../../../avr/lib/avr5\libm.a(addsf3x.o)
                              c:/program files (x86)/atmel/studio/7.0/toolchain/avr8/avr8-gnu-toolchain/bin/../lib/gcc/avr/5.4.0/../../../../avr/lib/avr5\libm.a(addsf3.o) (__addsf3x)
c:/program files (x86)/atmel/studio/7.0/toolchain/avr8/avr8-gnu-toolchain/bin/../lib/gcc/avr/5.4.0/../../../../avr/lib/avr5\libm.a(cmpsf2.o)
                              C:\Users\User\Desktop\LPS_PR~1\Sources\Software\PRODUC~1\LANDMA~1\LANDMA~1\ARDUIN~1\Debug\libArduinoCore.a(Print.o) (__ltsf2)
c:/program files (x86)/atmel/studio/7.0/toolchain/avr8/avr8-gnu-toolchain/bin/../lib/gcc/avr/5.4.0/../../../../avr/lib/avr5\libm.a(divsf3.o)
                              C:\Users\User\Desktop\LPS_PR~1\Sources\Software\PRODUC~1\LANDMA~1\LANDMA~1\ARDUIN~1\Debug\libArduinoCore.a(Print.o) (__divsf3)
c:/program files (x86)/atmel/studio/7.0/toolchain/avr8/avr8-gnu-toolchain/bin/../lib/gcc/avr/5.4.0/../../../../avr/lib/avr5\libm.a(divsf3x.o)
                              c:/program files (x86)/atmel/studio/7.0/toolchain/avr8/avr8-gnu-toolchain/bin/../lib/gcc/avr/5.4.0/../../../../avr/lib/avr5\libm.a(divsf3.o) (__divsf3x)
c:/program files (x86)/atmel/studio/7.0/toolchain/avr8/avr8-gnu-toolchain/bin/../lib/gcc/avr/5.4.0/../../../../avr/lib/avr5\libm.a(fixunssfsi.o)
                              C:\Users\User\Desktop\LPS_PR~1\Sources\Software\PRODUC~1\LANDMA~1\LANDMA~1\ARDUIN~1\Debug\libArduinoCore.a(Print.o) (__fixunssfsi)
c:/program files (x86)/atmel/studio/7.0/toolchain/avr8/avr8-gnu-toolchain/bin/../lib/gcc/avr/5.4.0/../../../../avr/lib/avr5\libm.a(floatsisf.o)
                              C:\Users\User\Desktop\LPS_PR~1\Sources\Software\PRODUC~1\LANDMA~1\LANDMA~1\ARDUIN~1\Debug\libArduinoCore.a(Print.o) (__floatunsisf)
c:/program files (x86)/atmel/studio/7.0/toolchain/avr8/avr8-gnu-toolchain/bin/../lib/gcc/avr/5.4.0/../../../../avr/lib/avr5\libm.a(fp_cmp.o)
                              c:/program files (x86)/atmel/studio/7.0/toolchain/avr8/avr8-gnu-toolchain/bin/../lib/gcc/avr/5.4.0/../../../../avr/lib/avr5\libm.a(cmpsf2.o) (__fp_cmp)
c:/program files (x86)/atmel/studio/7.0/toolchain/avr8/avr8-gnu-toolchain/bin/../lib/gcc/avr/5.4.0/../../../../avr/lib/avr5\libm.a(fp_inf.o)
                              c:/program files (x86)/atmel/studio/7.0/toolchain/avr8/avr8-gnu-toolchain/bin/../lib/gcc/avr/5.4.0/../../../../avr/lib/avr5\libm.a(addsf3x.o) (__fp_inf)
[...]
Memory Configuration

Name             Origin             Length             Attributes
text             0x00000000         0x00020000         xr
data             0x00800060         0x0000ffa0         rw !x
eeprom           0x00810000         0x00010000         rw !x
fuse             0x00820000         0x00000003         rw !x
lock             0x00830000         0x00000400         rw !x
signature        0x00840000         0x00000400         rw !x
user_signatures  0x00850000         0x00000400         rw !x
*default*        0x00000000         0xffffffff

Linker script and memory map

Address of section .data set to 0x800100
LOAD C:/Program Files (x86)/Atmel/Studio/7.0/Packs/atmel/ATmega_DFP/1.2.209/gcc/dev/atmega328p/avr5/crtatmega328p.o
LOAD Drivers/LandmarkReader.o
LOAD Drivers/Encoder.o
LOAD Drivers/IrSensor.o
LOAD Sketch.o
START GROUP
LOAD c:/program files (x86)/atmel/studio/7.0/toolchain/avr8/avr8-gnu-toolchain/bin/../lib/gcc/avr/5.4.0/../../../../avr/lib/avr5\libm.a
LOAD C:\Users\User\Desktop\LPS_PR~1\Sources\Software\PRODUC~1\LANDMA~1\LANDMA~1\ARDUIN~1\Debug\libArduinoCore.a
END GROUP
LOAD c:/program files (x86)/atmel/studio/7.0/toolchain/avr8/avr8-gnu-toolchain/bin/../lib/gcc/avr/5.4.0/avr5\libgcc.a
LOAD c:/program files (x86)/atmel/studio/7.0/toolchain/avr8/avr8-gnu-toolchain/bin/../lib/gcc/avr/5.4.0/../../../../avr/lib/avr5\libm.a
START GROUP
LOAD c:/program files (x86)/atmel/studio/7.0/toolchain/avr8/avr8-gnu-toolchain/bin/../lib/gcc/avr/5.4.0/avr5\libgcc.a
LOAD c:/program files (x86)/atmel/studio/7.0/toolchain/avr8/avr8-gnu-toolchain/bin/../lib/gcc/avr/5.4.0/../../../../avr/lib/avr5\libm.a
LOAD c:/program files (x86)/atmel/studio/7.0/toolchain/avr8/avr8-gnu-toolchain/bin/../lib/gcc/avr/5.4.0/../../../../avr/lib/avr5\libc.a
LOAD C:/Program Files (x86)/Atmel/Studio/7.0/Packs/atmel/ATmega_DFP/1.2.209/gcc/dev/atmega328p/avr5\libatmega328p.a
END GROUP
                0x00020000                __TEXT_REGION_LENGTH__ = DEFINED (__TEXT_REGION_LENGTH__)?__TEXT_REGION_LENGTH__:0x20000
                0x0000ffa0                __DATA_REGION_LENGTH__ = DEFINED (__DATA_REGION_LENGTH__)?__DATA_REGION_LENGTH__:0xffa0
                0x00010000                __EEPROM_REGION_LENGTH__ = DEFINED (__EEPROM_REGION_LENGTH__)?__EEPROM_REGION_LENGTH__:0x10000
                [0x00000003]                __FUSE_REGION_LENGTH__ = DEFINED (__FUSE_REGION_LENGTH__)?__FUSE_REGION_LENGTH__:0x400
                0x00000400                __LOCK_REGION_LENGTH__ = DEFINED (__LOCK_REGION_LENGTH__)?__LOCK_REGION_LENGTH__:0x400
                0x00000400                __SIGNATURE_REGION_LENGTH__ = DEFINED (__SIGNATURE_REGION_LENGTH__)?__SIGNATURE_REGION_LENGTH__:0x400
                0x00000400                __USER_SIGNATURE_REGION_LENGTH__ = DEFINED (__USER_SIGNATURE_REGION_LENGTH__)?__USER_SIGNATURE_REGION_LENGTH__:0x400

.hash
 *(.hash)

.dynsym
 *(.dynsym)

.dynstr
 *(.dynstr)

.gnu.version
 *(.gnu.version)

.gnu.version_d
 *(.gnu.version_d)

.gnu.version_r
 *(.gnu.version_r)

.rel.init
 *(.rel.init)

.rela.init
 *(.rela.init)

.rel.text
 *(.rel.text)
 *(.rel.text.*)
 *(.rel.gnu.linkonce.t*)

.rela.text
 *(.rela.text)
 *(.rela.text.*)
 *(.rela.gnu.linkonce.t*)

.rel.fini
 *(.rel.fini)

.rela.fini
 *(.rela.fini)

.rel.rodata
 *(.rel.rodata)
 *(.rel.rodata.*)
 *(.rel.gnu.linkonce.r*)

.rela.rodata
 *(.rela.rodata)
 *(.rela.rodata.*)
 *(.rela.gnu.linkonce.r*)

.rel.data
 *(.rel.data)
 *(.rel.data.*)
 *(.rel.gnu.linkonce.d*)

.rela.data
 *(.rela.data)
 *(.rela.data.*)
 *(.rela.gnu.linkonce.d*)

.rel.ctors
 *(.rel.ctors)

.rela.ctors
 *(.rela.ctors)

.rel.dtors
 *(.rel.dtors)

.rela.dtors
 *(.rela.dtors)

.rel.got
 *(.rel.got)

.rela.got
 *(.rela.got)

.rel.bss
 *(.rel.bss)

.rela.bss
 *(.rela.bss)

.rel.plt
 *(.rel.plt)

.rela.plt
 *(.rela.plt)

.text           0x00000000     0x1ad4
 *(.vectors)
 .vectors       0x00000000       0x68 C:/Program Files (x86)/Atmel/Studio/7.0/Packs/atmel/ATmega_DFP/1.2.209/gcc/dev/atmega328p/avr5/crtatmega328p.o
                0x00000000                __vector_default
                0x00000000                __vectors
 *(.vectors)
 *(.progmem.gcc*)
                0x00000068                . = ALIGN (0x2)
                0x00000068                __trampolines_start = .
 *(.trampolines)
 .trampolines   0x00000068        0x0 linker stubs
 *(.trampolines*)
                0x00000068                __trampolines_end = .
 *libprintf_flt.a:*(.progmem.data)
 *libc.a:*(.progmem.data)
 *(.progmem*)
 .progmem.data.digital_pin_to_timer_PGM
                0x00000068       0x14 C:\Users\User\Desktop\LPS_PR~1\Sources\Software\PRODUC~1\LANDMA~1\LANDMA~1\ARDUIN~1\Debug\libArduinoCore.a(wiring_digital.o)
                0x00000068                digital_pin_to_timer_PGM
 .progmem.data.digital_pin_to_bit_mask_PGM
                0x0000007c       0x14 C:\Users\User\Desktop\LPS_PR~1\Sources\Software\PRODUC~1\LANDMA~1\LANDMA~1\ARDUIN~1\Debug\libArduinoCore.a(wiring_digital.o)
                0x0000007c                digital_pin_to_bit_mask_PGM
 .progmem.data.digital_pin_to_port_PGM
                0x00000090       0x14 C:\Users\User\Desktop\LPS_PR~1\Sources\Software\PRODUC~1\LANDMA~1\LANDMA~1\ARDUIN~1\Debug\libArduinoCore.a(wiring_digital.o)
                0x00000090                digital_pin_to_port_PGM
 .progmem.data.port_to_output_PGM
                0x000000a4        0xa C:\Users\User\Desktop\LPS_PR~1\Sources\Software\PRODUC~1\LANDMA~1\LANDMA~1\ARDUIN~1\Debug\libArduinoCore.a(wiring_digital.o)
                0x000000a4                port_to_output_PGM
 .progmem.data.port_to_mode_PGM
                0x000000ae        0xa C:\Users\User\Desktop\LPS_PR~1\Sources\Software\PRODUC~1\LANDMA~1\LANDMA~1\ARDUIN~1\Debug\libArduinoCore.a(wiring_digital.o)
                0x000000ae                port_to_mode_PGM
                0x000000b8                . = ALIGN (0x2)
 *(.jumptables)
 *(.jumptables*)
 *(.lowtext)
 *(.lowtext*)
                0x000000b8                __ctors_start = .
 *(.ctors)
 .ctors         0x000000b8        0x2 Drivers/LandmarkReader.o
 .ctors         0x000000ba        0x2 C:\Users\User\Desktop\LPS_PR~1\Sources\Software\PRODUC~1\LANDMA~1\LANDMA~1\ARDUIN~1\Debug\libArduinoCore.a(HardwareSerial0.o)
                0x000000bc                __ctors_end = .
                0x000000bc                __dtors_start = .
 *(.dtors)
 .dtors         0x000000bc        0x2 Drivers/LandmarkReader.o
                0x000000be                __dtors_end = .
 SORT(*)(.ctors)
 SORT(*)(.dtors)
 *(.init0)
 .init0         0x000000be        0x0 C:/Program Files (x86)/Atmel/Studio/7.0/Packs/atmel/ATmega_DFP/1.2.209/gcc/dev/atmega328p/avr5/crtatmega328p.o
                0x000000be                __init
 *(.init0)
 *(.init1)
 *(.init1)
 *(.init2)
 .init2         0x000000be        0xc C:/Program Files (x86)/Atmel/Studio/7.0/Packs/atmel/ATmega_DFP/1.2.209/gcc/dev/atmega328p/avr5/crtatmega328p.o
 *(.init2)
 *(.init3)
 *(.init3)
 *(.init4)
 .init4         0x000000ca       0x16 c:/program files (x86)/atmel/studio/7.0/toolchain/avr8/avr8-gnu-toolchain/bin/../lib/gcc/avr/5.4.0/avr5\libgcc.a(_copy_data.o)
                0x000000ca                __do_copy_data
 .init4         0x000000e0       0x10 c:/program files (x86)/atmel/studio/7.0/toolchain/avr8/avr8-gnu-toolchain/bin/../lib/gcc/avr/5.4.0/avr5\libgcc.a(_clear_bss.o)
                0x000000e0                __do_clear_bss
 *(.init4)
 *(.init5)
 *(.init5)
 *(.init6)
 .init6         0x000000f0       0x16 c:/program files (x86)/atmel/studio/7.0/toolchain/avr8/avr8-gnu-toolchain/bin/../lib/gcc/avr/5.4.0/avr5\libgcc.a(_ctors.o)
                0x000000f0                __do_global_ctors
 *(.init6)
 *(.init7)
 *(.init7)
 *(.init8)
 *(.init8)
 *(.init9)
 .init9         0x00000106        0x8 C:/Program Files (x86)/Atmel/Studio/7.0/Packs/atmel/ATmega_DFP/1.2.209/gcc/dev/atmega328p/avr5/crtatmega328p.o
 *(.init9)
 *(.text)
 .text          0x0000010e        0x4 C:/Program Files (x86)/Atmel/Studio/7.0/Packs/atmel/ATmega_DFP/1.2.209/gcc/dev/atmega328p/avr5/crtatmega328p.o
                0x0000010e                __vector_22
                0x0000010e                __vector_24
                0x0000010e                __vector_12
                0x0000010e                __bad_interrupt
                0x0000010e                __vector_6
                0x0000010e                __vector_3
                0x0000010e                __vector_23
                0x0000010e                __vector_25
                0x0000010e                __vector_11
                0x0000010e                __vector_13
                0x0000010e                __vector_17
                0x0000010e                __vector_7
                0x0000010e                __vector_5
                0x0000010e                __vector_4
                0x0000010e                __vector_9
                0x0000010e                __vector_21
                0x0000010e                __vector_15
                0x0000010e                __vector_8
                0x0000010e                __vector_14
                0x0000010e                __vector_10
                0x0000010e                __vector_20
                0x00000112                . = ALIGN (0x2)
 *(.text.*)
 .text._Z16GetLineDirection11STR_ENCODERS_
                0x00000112       0x86 Drivers/LandmarkReader.o
                0x00000112                _Z16GetLineDirection11STR_ENCODERS_
 .text._Z10SaveNewBar15TYPE_LINE_COLOR11STR_ENCODER
                0x00000198      0x192 Drivers/LandmarkReader.o
                0x00000198                _Z10SaveNewBar15TYPE_LINE_COLOR11STR_ENCODER
 .text._Z19CorrectLinePositionht
                0x0000032a      0x222 Drivers/LandmarkReader.o
                0x0000032a                _Z19CorrectLinePositionht
 .text._Z13GetLandmarkIdPt
                0x0000054c      0x160 Drivers/LandmarkReader.o
                0x0000054c                _Z13GetLandmarkIdPt
 .text.startup._GLOBAL__sub_I_G_Encoder
                0x000006ac       0x7c Drivers/LandmarkReader.o
 .text.exit._GLOBAL__sub_D_G_Encoder
                0x00000728        0xc Drivers/LandmarkReader.o
 .text._ZNK10QueueArrayI18STR_LANDMARK_STACKE4exitEPKc.isra.3.constprop.4
                0x00000734       0x3a Sketch.o
 .text.setup    0x0000076e       0x32 Sketch.o
                0x0000076e                setup
 .text._ZN10QueueArrayI18STR_LANDMARK_STACKE6resizeEi
                0x000007a0       0xc2 Sketch.o
                0x000007a0                _ZN10QueueArrayI18STR_LANDMARK_STACKE6resizeEi
 .text._ZN10QueueArrayI18STR_LANDMARK_STACKE7dequeueEv
                0x00000862       0xf8 Sketch.o
                0x00000862                _ZN10QueueArrayI18STR_LANDMARK_STACKE7dequeueEv
 .text.loop     0x0000095a       0x9e Sketch.o
                0x0000095a                loop
 .text._ZN14HardwareSerial9availableEv
                0x000009f8       0x18 C:\Users\User\Desktop\LPS_PR~1\Sources\Software\PRODUC~1\LANDMA~1\LANDMA~1\ARDUIN~1\Debug\libArduinoCore.a(HardwareSerial.o)
                0x000009f8                _ZN14HardwareSerial9availableEv
 .text._ZN14HardwareSerial4peekEv
                0x00000a10       0x1c C:\Users\User\Desktop\LPS_PR~1\Sources\Software\PRODUC~1\LANDMA~1\LANDMA~1\ARDUIN~1\Debug\libArduinoCore.a(HardwareSerial.o)
                0x00000a10                _ZN14HardwareSerial4peekEv
 .text._ZN14HardwareSerial4readEv
                0x00000a2c       0x28 C:\Users\User\Desktop\LPS_PR~1\Sources\Software\PRODUC~1\LANDMA~1\LANDMA~1\ARDUIN~1\Debug\libArduinoCore.a(HardwareSerial.o)
                0x00000a2c                _ZN14HardwareSerial4readEv
 .text._ZN14HardwareSerial17availableForWriteEv
                0x00000a54       0x1e C:\Users\User\Desktop\LPS_PR~1\Sources\Software\PRODUC~1\LANDMA~1\LANDMA~1\ARDUIN~1\Debug\libArduinoCore.a(HardwareSerial.o)
                0x00000a54                _ZN14HardwareSerial17availableForWriteEv
 .text._Z14serialEventRunv
                0x00000a72       0x1c C:\Users\User\Desktop\LPS_PR~1\Sources\Software\PRODUC~1\LANDMA~1\LANDMA~1\ARDUIN~1\Debug\libArduinoCore.a(HardwareSerial.o)
                0x00000a72                _Z14serialEventRunv
 .text._ZN14HardwareSerial17_tx_udr_empty_irqEv
                0x00000a8e       0x44 C:\Users\User\Desktop\LPS_PR~1\Sources\Software\PRODUC~1\LANDMA~1\LANDMA~1\ARDUIN~1\Debug\libArduinoCore.a(HardwareSerial.o)
                0x00000a8e                _ZN14HardwareSerial17_tx_udr_empty_irqEv
 .text._ZN14HardwareSerial5writeEh
                0x00000ad2       0x9a C:\Users\User\Desktop\LPS_PR~1\Sources\Software\PRODUC~1\LANDMA~1\LANDMA~1\ARDUIN~1\Debug\libArduinoCore.a(HardwareSerial.o)
                0x00000ad2                _ZN14HardwareSerial5writeEh
 .text._ZN14HardwareSerial5flushEv
                0x00000b6c       0x44 C:\Users\User\Desktop\LPS_PR~1\Sources\Software\PRODUC~1\LANDMA~1\LANDMA~1\ARDUIN~1\Debug\libArduinoCore.a(HardwareSerial.o)
                0x00000b6c                _ZN14HardwareSerial5flushEv
 .text._ZN14HardwareSerial5beginEmh
                0x00000bb0       0xca C:\Users\User\Desktop\LPS_PR~1\Sources\Software\PRODUC~1\LANDMA~1\LANDMA~1\ARDUIN~1\Debug\libArduinoCore.a(HardwareSerial.o)
                0x00000bb0                _ZN14HardwareSerial5beginEmh
 .text.__vector_18
                0x00000c7a       0x64 C:\Users\User\Desktop\LPS_PR~1\Sources\Software\PRODUC~1\LANDMA~1\LANDMA~1\ARDUIN~1\Debug\libArduinoCore.a(HardwareSerial0.o)
                0x00000c7a                __vector_18
 .text.__vector_19
                0x00000cde       0x4c C:\Users\User\Desktop\LPS_PR~1\Sources\Software\PRODUC~1\LANDMA~1\LANDMA~1\ARDUIN~1\Debug\libArduinoCore.a(HardwareSerial0.o)
                0x00000cde                __vector_19
 .text._Z17Serial0_availablev
                0x00000d2a       0x14 C:\Users\User\Desktop\LPS_PR~1\Sources\Software\PRODUC~1\LANDMA~1\LANDMA~1\ARDUIN~1\Debug\libArduinoCore.a(HardwareSerial0.o)
                0x00000d2a                _Z17Serial0_availablev
 .text.startup._GLOBAL__sub_I___vector_18
                0x00000d3e       0x5a C:\Users\User\Desktop\LPS_PR~1\Sources\Software\PRODUC~1\LANDMA~1\LANDMA~1\ARDUIN~1\Debug\libArduinoCore.a(HardwareSerial0.o)
 .text.initVariant
                0x00000d98        0x2 C:\Users\User\Desktop\LPS_PR~1\Sources\Software\PRODUC~1\LANDMA~1\LANDMA~1\ARDUIN~1\Debug\libArduinoCore.a(main.o)
                0x00000d98                initVariant
 .text.startup.main
                0x00000d9a       0x1e C:\Users\User\Desktop\LPS_PR~1\Sources\Software\PRODUC~1\LANDMA~1\LANDMA~1\ARDUIN~1\Debug\libArduinoCore.a(main.o)
                0x00000d9a                main
 .text._ZN5Print5writeEPKhj
                0x00000db8       0x54 C:\Users\User\Desktop\LPS_PR~1\Sources\Software\PRODUC~1\LANDMA~1\LANDMA~1\ARDUIN~1\Debug\libArduinoCore.a(Print.o)
                0x00000db8                _ZN5Print5writeEPKhj
 .text._ZN5Print5writeEPKc
                0x00000e0c       0x2a C:\Users\User\Desktop\LPS_PR~1\Sources\Software\PRODUC~1\LANDMA~1\LANDMA~1\ARDUIN~1\Debug\libArduinoCore.a(Print.o)
                0x00000e0c                _ZN5Print5writeEPKc
 .text._ZN5Print7printlnEv
                0x00000e36        0x8 C:\Users\User\Desktop\LPS_PR~1\Sources\Software\PRODUC~1\LANDMA~1\LANDMA~1\ARDUIN~1\Debug\libArduinoCore.a(Print.o)
                0x00000e36                _ZN5Print7printlnEv
 .text._ZN5Print7printlnEPKc
                0x00000e3e       0x24 C:\Users\User\Desktop\LPS_PR~1\Sources\Software\PRODUC~1\LANDMA~1\LANDMA~1\ARDUIN~1\Debug\libArduinoCore.a(Print.o)
                0x00000e3e                _ZN5Print7printlnEPKc
 .text.nothing  0x00000e62        0x2 C:\Users\User\Desktop\LPS_PR~1\Sources\Software\PRODUC~1\LANDMA~1\LANDMA~1\ARDUIN~1\Debug\libArduinoCore.a(WInterrupts.o)
 .text.__vector_1
                0x00000e64       0x4e C:\Users\User\Desktop\LPS_PR~1\Sources\Software\PRODUC~1\LANDMA~1\LANDMA~1\ARDUIN~1\Debug\libArduinoCore.a(WInterrupts.o)
                0x00000e64                __vector_1
 .text.__vector_2
                0x00000eb2       0x4e C:\Users\User\Desktop\LPS_PR~1\Sources\Software\PRODUC~1\LANDMA~1\LANDMA~1\ARDUIN~1\Debug\libArduinoCore.a(WInterrupts.o)
                0x00000eb2                __vector_2
 .text.__vector_16
                0x00000f00       0x94 C:\Users\User\Desktop\LPS_PR~1\Sources\Software\PRODUC~1\LANDMA~1\LANDMA~1\ARDUIN~1\Debug\libArduinoCore.a(wiring.o)
                0x00000f00                __vector_16
 .text.micros   0x00000f94       0x4a C:\Users\User\Desktop\LPS_PR~1\Sources\Software\PRODUC~1\LANDMA~1\LANDMA~1\ARDUIN~1\Debug\libArduinoCore.a(wiring.o)
                0x00000f94                micros
 .text.delay    0x00000fde       0x78 C:\Users\User\Desktop\LPS_PR~1\Sources\Software\PRODUC~1\LANDMA~1\LANDMA~1\ARDUIN~1\Debug\libArduinoCore.a(wiring.o)
                0x00000fde                delay
 .text.init     0x00001056       0x76 C:\Users\User\Desktop\LPS_PR~1\Sources\Software\PRODUC~1\LANDMA~1\LANDMA~1\ARDUIN~1\Debug\libArduinoCore.a(wiring.o)
                0x00001056                init
 .text.turnOffPWM
                0x000010cc       0x52 C:\Users\User\Desktop\LPS_PR~1\Sources\Software\PRODUC~1\LANDMA~1\LANDMA~1\ARDUIN~1\Debug\libArduinoCore.a(wiring_digital.o)
 .text.pinMode  0x0000111e       0x78 C:\Users\User\Desktop\LPS_PR~1\Sources\Software\PRODUC~1\LANDMA~1\LANDMA~1\ARDUIN~1\Debug\libArduinoCore.a(wiring_digital.o)
                0x0000111e                pinMode
 .text.digitalWrite
                0x00001196       0x5e C:\Users\User\Desktop\LPS_PR~1\Sources\Software\PRODUC~1\LANDMA~1\LANDMA~1\ARDUIN~1\Debug\libArduinoCore.a(wiring_digital.o)
                0x00001196                digitalWrite
 .text.__empty  0x000011f4        0x2 C:\Users\User\Desktop\LPS_PR~1\Sources\Software\PRODUC~1\LANDMA~1\LANDMA~1\ARDUIN~1\Debug\libArduinoCore.a(hooks.o)
                0x000011f4                yield
 .text.libgcc.div
                0x000011f6       0x28 c:/program files (x86)/atmel/studio/7.0/toolchain/avr8/avr8-gnu-toolchain/bin/../lib/gcc/avr/5.4.0/avr5\libgcc.a(_divmodhi4.o)
                0x000011f6                _div
                0x000011f6                __divmodhi4
 .text.libgcc.div
                0x0000121e       0x44 c:/program files (x86)/atmel/studio/7.0/toolchain/avr8/avr8-gnu-toolchain/bin/../lib/gcc/avr/5.4.0/avr5\libgcc.a(_udivmodsi4.o)
                0x0000121e                __udivmodsi4
 .text.libgcc.div
                0x00001262       0x28 c:/program files (x86)/atmel/studio/7.0/toolchain/avr8/avr8-gnu-toolchain/bin/../lib/gcc/avr/5.4.0/avr5\libgcc.a(_udivmodhi4.o)
                0x00001262                __udivmodhi4
 .text.libgcc   0x0000128a        0xc c:/program files (x86)/atmel/studio/7.0/toolchain/avr8/avr8-gnu-toolchain/bin/../lib/gcc/avr/5.4.0/avr5\libgcc.a(_tablejump2.o)
                0x0000128a                __tablejump2__
 .text.avr-libc
                0x00001296      0x242 c:/program files (x86)/atmel/studio/7.0/toolchain/avr8/avr8-gnu-toolchain/bin/../lib/gcc/avr/5.4.0/../../../../avr/lib/avr5\libc.a(malloc.o)
                0x00001296                malloc
                0x000013c6                free
 .text.avr-libc
                0x000014d8        0xe c:/program files (x86)/atmel/studio/7.0/toolchain/avr8/avr8-gnu-toolchain/bin/../lib/gcc/avr/5.4.0/../../../../avr/lib/avr5\libc.a(strcpy.o)
                0x000014d8                strcpy
 .text.avr-libc
                0x000014e6       0x44 c:/program files (x86)/atmel/studio/7.0/toolchain/avr8/avr8-gnu-toolchain/bin/../lib/gcc/avr/5.4.0/../../../../avr/lib/avr5\libc.a(sprintf.o)
                0x000014e6                sprintf
 .text.avr-libc
                0x0000152a      0x3c2 c:/program files (x86)/atmel/studio/7.0/toolchain/avr8/avr8-gnu-toolchain/bin/../lib/gcc/avr/5.4.0/../../../../avr/lib/avr5\libc.a(vfprintf_std.o)
                0x0000152a                vfprintf
 .text.avr-libc
                0x000018ec       0x16 c:/program files (x86)/atmel/studio/7.0/toolchain/avr8/avr8-gnu-toolchain/bin/../lib/gcc/avr/5.4.0/../../../../avr/lib/avr5\libc.a(strnlen_P.o)
                0x000018ec                strnlen_P
 .text.avr-libc
                0x00001902       0x16 c:/program files (x86)/atmel/studio/7.0/toolchain/avr8/avr8-gnu-toolchain/bin/../lib/gcc/avr/5.4.0/../../../../avr/lib/avr5\libc.a(strnlen.o)
                0x00001902                strnlen
 .text.avr-libc
                0x00001918       0x78 c:/program files (x86)/atmel/studio/7.0/toolchain/avr8/avr8-gnu-toolchain/bin/../lib/gcc/avr/5.4.0/../../../../avr/lib/avr5\libc.a(fputc.o)
                0x00001918                fputc
 .text.avr-libc
                0x00001990       0xbc c:/program files (x86)/atmel/studio/7.0/toolchain/avr8/avr8-gnu-toolchain/bin/../lib/gcc/avr/5.4.0/../../../../avr/lib/avr5\libc.a(ultoa_invert.o)
                0x00001990                __ultoa_invert
 .text.libgcc.prologue
                0x00001a4c       0x38 c:/program files (x86)/atmel/studio/7.0/toolchain/avr8/avr8-gnu-toolchain/bin/../lib/gcc/avr/5.4.0/avr5\libgcc.a(_prologue.o)
                0x00001a4c                __prologue_saves__
 .text.libgcc.prologue
                0x00001a84       0x36 c:/program files (x86)/atmel/studio/7.0/toolchain/avr8/avr8-gnu-toolchain/bin/../lib/gcc/avr/5.4.0/avr5\libgcc.a(_epilogue.o)
                0x00001a84                __epilogue_restores__
                0x00001aba                . = ALIGN (0x2)
 *(.fini9)
 .fini9         0x00001aba        0x0 c:/program files (x86)/atmel/studio/7.0/toolchain/avr8/avr8-gnu-toolchain/bin/../lib/gcc/avr/5.4.0/avr5\libgcc.a(_exit.o)
                0x00001aba                _exit
                0x00001aba                exit
 *(.fini9)
 *(.fini8)
 *(.fini8)
 *(.fini7)
 *(.fini7)
 *(.fini6)
 .fini6         0x00001aba       0x16 c:/program files (x86)/atmel/studio/7.0/toolchain/avr8/avr8-gnu-toolchain/bin/../lib/gcc/avr/5.4.0/avr5\libgcc.a(_dtors.o)
                0x00001aba                __do_global_dtors
 *(.fini6)
 *(.fini5)
 *(.fini5)
 *(.fini4)
 *(.fini4)
 *(.fini3)
 *(.fini3)
 *(.fini2)
 *(.fini2)
 *(.fini1)
 *(.fini1)
 *(.fini0)
 .fini0         0x00001ad0        0x4 c:/program files (x86)/atmel/studio/7.0/toolchain/avr8/avr8-gnu-toolchain/bin/../lib/gcc/avr/5.4.0/avr5\libgcc.a(_exit.o)
 *(.fini0)
                0x00001ad4                _etext = .

.data           0x00800100      0x482 load address 0x00001ad4
                0x00800100                PROVIDE (__data_start, .)
 *(.data)
 .data          0x00800100        0x6 c:/program files (x86)/atmel/studio/7.0/toolchain/avr8/avr8-gnu-toolchain/bin/../lib/gcc/avr/5.4.0/../../../../avr/lib/avr5\libc.a(malloc.o)
                0x00800100                __malloc_heap_end
                0x00800102                __malloc_heap_start
                0x00800104                __malloc_margin
 *(.data*)
 .data.intFunc  0x00800106        0x4 C:\Users\User\Desktop\LPS_PR~1\Sources\Software\PRODUC~1\LANDMA~1\LANDMA~1\ARDUIN~1\Debug\libArduinoCore.a(WInterrupts.o)
 *(.gnu.linkonce.d*)
 *(.rodata)
 *(.rodata*)
 .rodata.str1.1
                0x0080010a      0x2f0 Drivers/LandmarkReader.o
 .rodata.str1.1
                0x008003fa      0x167 Sketch.o
 .rodata._ZTV14HardwareSerial
                0x00800561       0x12 C:\Users\User\Desktop\LPS_PR~1\Sources\Software\PRODUC~1\LANDMA~1\LANDMA~1\ARDUIN~1\Debug\libArduinoCore.a(HardwareSerial.o)
                0x00800561                _ZTV14HardwareSerial
 .rodata.str1.1
                0x00800573        0xf C:\Users\User\Desktop\LPS_PR~1\Sources\Software\PRODUC~1\LANDMA~1\LANDMA~1\ARDUIN~1\Debug\libArduinoCore.a(Print.o)
 *(.gnu.linkonce.r*)
                0x00800582                . = ALIGN (0x2)
                0x00800582                _edata = .
                0x00800582                PROVIDE (__data_end, .)

.bss            0x00800582      0x155
                0x00800582                PROVIDE (__bss_start, .)
 *(.bss)
 *(.bss*)
 .bss._ZZ19CorrectLinePositionhtE16PreIncrePosition
                0x00800582        0x2 Drivers/LandmarkReader.o
 .bss.TmpMsg    0x00800584       0x64 Drivers/LandmarkReader.o
                0x00800584                TmpMsg
 .bss.G_LinePosition
                0x008005e8        0x2 Drivers/LandmarkReader.o
                0x008005e8                G_LinePosition
 .bss.G_Landmark
                0x008005ea       0x3e Drivers/LandmarkReader.o
                0x008005ea                G_Landmark
 .bss.G_Encoder
                0x00800628        0x5 Drivers/LandmarkReader.o
                0x00800628                G_Encoder
 .bss.Serial    0x0080062d       0x9d C:\Users\User\Desktop\LPS_PR~1\Sources\Software\PRODUC~1\LANDMA~1\LANDMA~1\ARDUIN~1\Debug\libArduinoCore.a(HardwareSerial0.o)
                0x0080062d                Serial
 .bss.timer0_fract
                0x008006ca        0x1 C:\Users\User\Desktop\LPS_PR~1\Sources\Software\PRODUC~1\LANDMA~1\LANDMA~1\ARDUIN~1\Debug\libArduinoCore.a(wiring.o)
 .bss.timer0_millis
                0x008006cb        0x4 C:\Users\User\Desktop\LPS_PR~1\Sources\Software\PRODUC~1\LANDMA~1\LANDMA~1\ARDUIN~1\Debug\libArduinoCore.a(wiring.o)
                0x008006cb                timer0_millis
 .bss.timer0_overflow_count
                0x008006cf        0x4 C:\Users\User\Desktop\LPS_PR~1\Sources\Software\PRODUC~1\LANDMA~1\LANDMA~1\ARDUIN~1\Debug\libArduinoCore.a(wiring.o)
                0x008006cf                timer0_overflow_count
 *(COMMON)
 COMMON         0x008006d3        0x4 c:/program files (x86)/atmel/studio/7.0/toolchain/avr8/avr8-gnu-toolchain/bin/../lib/gcc/avr/5.4.0/../../../../avr/lib/avr5\libc.a(malloc.o)
                0x008006d3                __brkval
                0x008006d5                __flp
                0x008006d7                PROVIDE (__bss_end, .)
                0x00001ad4                __data_load_start = LOADADDR (.data)
                0x00001f56                __data_load_end = (__data_load_start + SIZEOF (.data))

.noinit         0x008006d7        0x0
                [!provide]                PROVIDE (__noinit_start, .)
 *(.noinit*)
                [!provide]                PROVIDE (__noinit_end, .)
                0x008006d7                _end = .
                0x008006d7                PROVIDE (__heap_start, .)

.eeprom         0x00810000        0x0
 *(.eeprom*)
                0x00810000                __eeprom_end = .

.fuse
 *(.fuse)
 *(.lfuse)
 *(.hfuse)
 *(.efuse)

.lock
 *(.lock*)

.signature
 *(.signature*)

.user_signatures
 *(.user_signatures*)

.stab
 *(.stab)

.stabstr
 *(.stabstr)

.stab.excl
 *(.stab.excl)

.stab.exclstr
 *(.stab.exclstr)

.stab.index
 *(.stab.index)

.stab.indexstr
 *(.stab.indexstr)

.comment        0x00000000       0x5c
 *(.comment)
 .comment       0x00000000       0x30 Drivers/LandmarkReader.o
                                 0x31 (size before relaxing)
 .comment       0x00000030       0x31 Sketch.o
 .comment       0x00000030       0x31 C:\Users\User\Desktop\LPS_PR~1\Sources\Software\PRODUC~1\LANDMA~1\LANDMA~1\ARDUIN~1\Debug\libArduinoCore.a(HardwareSerial.o)
 .comment       0x00000030       0x31 C:\Users\User\Desktop\LPS_PR~1\Sources\Software\PRODUC~1\LANDMA~1\LANDMA~1\ARDUIN~1\Debug\libArduinoCore.a(HardwareSerial0.o)
 .comment       0x00000030       0x31 C:\Users\User\Desktop\LPS_PR~1\Sources\Software\PRODUC~1\LANDMA~1\LANDMA~1\ARDUIN~1\Debug\libArduinoCore.a(main.o)
 .comment       0x00000030       0x31 C:\Users\User\Desktop\LPS_PR~1\Sources\Software\PRODUC~1\LANDMA~1\LANDMA~1\ARDUIN~1\Debug\libArduinoCore.a(Print.o)
 .comment       0x00000030       0x31 C:\Users\User\Desktop\LPS_PR~1\Sources\Software\PRODUC~1\LANDMA~1\LANDMA~1\ARDUIN~1\Debug\libArduinoCore.a(WInterrupts.o)
 .comment       0x00000030       0x31 C:\Users\User\Desktop\LPS_PR~1\Sources\Software\PRODUC~1\LANDMA~1\LANDMA~1\ARDUIN~1\Debug\libArduinoCore.a(wiring.o)
 .comment       0x00000030       0x31 C:\Users\User\Desktop\LPS_PR~1\Sources\Software\PRODUC~1\LANDMA~1\LANDMA~1\ARDUIN~1\Debug\libArduinoCore.a(wiring_digital.o)
 .comment       0x00000030       0x31 C:\Users\User\Desktop\LPS_PR~1\Sources\Software\PRODUC~1\LANDMA~1\LANDMA~1\ARDUIN~1\Debug\libArduinoCore.a(hooks.o)
 .comment       0x00000030       0x31 c:/program files (x86)/atmel/studio/7.0/toolchain/avr8/avr8-gnu-toolchain/bin/../lib/gcc/avr/5.4.0/../../../../avr/lib/avr5\libc.a(malloc.o)
 .comment       0x00000030       0x31 c:/program files (x86)/atmel/studio/7.0/toolchain/avr8/avr8-gnu-toolchain/bin/../lib/gcc/avr/5.4.0/../../../../avr/lib/avr5\libc.a(sprintf.o)
 .comment       0x00000030       0x2c c:/program files (x86)/atmel/studio/7.0/toolchain/avr8/avr8-gnu-toolchain/bin/../lib/gcc/avr/5.4.0/../../../../avr/lib/avr5\libc.a(vfprintf_std.o)
                                 0x2d (size before relaxing)
 .comment       0x0000005c       0x31 c:/program files (x86)/atmel/studio/7.0/toolchain/avr8/avr8-gnu-toolchain/bin/../lib/gcc/avr/5.4.0/../../../../avr/lib/avr5\libc.a(fputc.o)

.note.gnu.avr.deviceinfo
                0x00000000       0x40
 .note.gnu.avr.deviceinfo
                0x00000000       0x40 C:/Program Files (x86)/Atmel/Studio/7.0/Packs/atmel/ATmega_DFP/1.2.209/gcc/dev/atmega328p/avr5/crtatmega328p.o

.note.gnu.build-id
 *(.note.gnu.build-id)

.debug
 *(.debug)

.line
 *(.line)

.debug_srcinfo
 *(.debug_srcinfo)

.debug_sfnames
 *(.debug_sfnames)

.debug_aranges  0x00000000      0x368
 *(.debug_aranges)
 .debug_aranges
                0x00000000       0x50 Drivers/LandmarkReader.o
 .debug_aranges
                0x00000050       0x58 Sketch.o
 .debug_aranges
                0x000000a8       0x68 C:\Users\User\Desktop\LPS_PR~1\Sources\Software\PRODUC~1\LANDMA~1\LANDMA~1\ARDUIN~1\Debug\libArduinoCore.a(HardwareSerial.o)
 .debug_aranges
                0x00000110       0x48 C:\Users\User\Desktop\LPS_PR~1\Sources\Software\PRODUC~1\LANDMA~1\LANDMA~1\ARDUIN~1\Debug\libArduinoCore.a(HardwareSerial0.o)
 .debug_aranges
                0x00000158       0x30 C:\Users\User\Desktop\LPS_PR~1\Sources\Software\PRODUC~1\LANDMA~1\LANDMA~1\ARDUIN~1\Debug\libArduinoCore.a(main.o)
 .debug_aranges
                0x00000188      0x100 C:\Users\User\Desktop\LPS_PR~1\Sources\Software\PRODUC~1\LANDMA~1\LANDMA~1\ARDUIN~1\Debug\libArduinoCore.a(Print.o)
 .debug_aranges
                0x00000288       0x40 C:\Users\User\Desktop\LPS_PR~1\Sources\Software\PRODUC~1\LANDMA~1\LANDMA~1\ARDUIN~1\Debug\libArduinoCore.a(WInterrupts.o)
 .debug_aranges
                0x000002c8       0x48 C:\Users\User\Desktop\LPS_PR~1\Sources\Software\PRODUC~1\LANDMA~1\LANDMA~1\ARDUIN~1\Debug\libArduinoCore.a(wiring.o)
 .debug_aranges
                0x00000310       0x38 C:\Users\User\Desktop\LPS_PR~1\Sources\Software\PRODUC~1\LANDMA~1\LANDMA~1\ARDUIN~1\Debug\libArduinoCore.a(wiring_digital.o)
 .debug_aranges
                0x00000348       0x20 C:\Users\User\Desktop\LPS_PR~1\Sources\Software\PRODUC~1\LANDMA~1\LANDMA~1\ARDUIN~1\Debug\libArduinoCore.a(hooks.o)

.debug_pubnames
 *(.debug_pubnames)

.debug_info     0x00000000     0x913e
 *(.debug_info .gnu.linkonce.wi.*)
 .debug_info    0x00000000      0x5f4 C:/Program Files (x86)/Atmel/Studio/7.0/Packs/atmel/ATmega_DFP/1.2.209/gcc/dev/atmega328p/avr5/crtatmega328p.o
 .debug_info    0x000005f4      0xcbb Drivers/LandmarkReader.o
 .debug_info    0x000012af      0xdbc Sketch.o
 .debug_info    0x0000206b     0x1f64 C:\Users\User\Desktop\LPS_PR~1\Sources\Software\PRODUC~1\LANDMA~1\LANDMA~1\ARDUIN~1\Debug\libArduinoCore.a(HardwareSerial.o)
 .debug_info    0x00003fcf     0x1b16 C:\Users\User\Desktop\LPS_PR~1\Sources\Software\PRODUC~1\LANDMA~1\LANDMA~1\ARDUIN~1\Debug\libArduinoCore.a(HardwareSerial0.o)
 .debug_info    0x00005ae5      0x237 C:\Users\User\Desktop\LPS_PR~1\Sources\Software\PRODUC~1\LANDMA~1\LANDMA~1\ARDUIN~1\Debug\libArduinoCore.a(main.o)
 .debug_info    0x00005d1c     0x28ff C:\Users\User\Desktop\LPS_PR~1\Sources\Software\PRODUC~1\LANDMA~1\LANDMA~1\ARDUIN~1\Debug\libArduinoCore.a(Print.o)
 .debug_info    0x0000861b      0x21c C:\Users\User\Desktop\LPS_PR~1\Sources\Software\PRODUC~1\LANDMA~1\LANDMA~1\ARDUIN~1\Debug\libArduinoCore.a(WInterrupts.o)
 .debug_info    0x00008837      0x2cb C:\Users\User\Desktop\LPS_PR~1\Sources\Software\PRODUC~1\LANDMA~1\LANDMA~1\ARDUIN~1\Debug\libArduinoCore.a(wiring.o)
 .debug_info    0x00008b02      0x5fe C:\Users\User\Desktop\LPS_PR~1\Sources\Software\PRODUC~1\LANDMA~1\LANDMA~1\ARDUIN~1\Debug\libArduinoCore.a(wiring_digital.o)
 .debug_info    0x00009100       0x3e C:\Users\User\Desktop\LPS_PR~1\Sources\Software\PRODUC~1\LANDMA~1\LANDMA~1\ARDUIN~1\Debug\libArduinoCore.a(hooks.o)

.debug_abbrev   0x00000000     0x202d
 *(.debug_abbrev)
 .debug_abbrev  0x00000000      0x5a2 C:/Program Files (x86)/Atmel/Studio/7.0/Packs/atmel/ATmega_DFP/1.2.209/gcc/dev/atmega328p/avr5/crtatmega328p.o
 .debug_abbrev  0x000005a2      0x4a9 Drivers/LandmarkReader.o
 .debug_abbrev  0x00000a4b      0x3ef Sketch.o
 .debug_abbrev  0x00000e3a      0x4b7 C:\Users\User\Desktop\LPS_PR~1\Sources\Software\PRODUC~1\LANDMA~1\LANDMA~1\ARDUIN~1\Debug\libArduinoCore.a(HardwareSerial.o)
 .debug_abbrev  0x000012f1      0x3ce C:\Users\User\Desktop\LPS_PR~1\Sources\Software\PRODUC~1\LANDMA~1\LANDMA~1\ARDUIN~1\Debug\libArduinoCore.a(HardwareSerial0.o)
 .debug_abbrev  0x000016bf      0x12d C:\Users\User\Desktop\LPS_PR~1\Sources\Software\PRODUC~1\LANDMA~1\LANDMA~1\ARDUIN~1\Debug\libArduinoCore.a(main.o)
 .debug_abbrev  0x000017ec      0x47a C:\Users\User\Desktop\LPS_PR~1\Sources\Software\PRODUC~1\LANDMA~1\LANDMA~1\ARDUIN~1\Debug\libArduinoCore.a(Print.o)
 .debug_abbrev  0x00001c66       0xfc C:\Users\User\Desktop\LPS_PR~1\Sources\Software\PRODUC~1\LANDMA~1\LANDMA~1\ARDUIN~1\Debug\libArduinoCore.a(WInterrupts.o)
 .debug_abbrev  0x00001d62      0x146 C:\Users\User\Desktop\LPS_PR~1\Sources\Software\PRODUC~1\LANDMA~1\LANDMA~1\ARDUIN~1\Debug\libArduinoCore.a(wiring.o)
 .debug_abbrev  0x00001ea8      0x15b C:\Users\User\Desktop\LPS_PR~1\Sources\Software\PRODUC~1\LANDMA~1\LANDMA~1\ARDUIN~1\Debug\libArduinoCore.a(wiring_digital.o)
 .debug_abbrev  0x00002003       0x2a C:\Users\User\Desktop\LPS_PR~1\Sources\Software\PRODUC~1\LANDMA~1\LANDMA~1\ARDUIN~1\Debug\libArduinoCore.a(hooks.o)

.debug_line     0x00000000     0x224f
 *(.debug_line .debug_line.* .debug_line_end)
 .debug_line    0x00000000      0x133 C:/Program Files (x86)/Atmel/Studio/7.0/Packs/atmel/ATmega_DFP/1.2.209/gcc/dev/atmega328p/avr5/crtatmega328p.o
 .debug_line    0x00000133      0x56e Drivers/LandmarkReader.o
 .debug_line    0x000006a1      0x515 Sketch.o
 .debug_line    0x00000bb6      0x4d9 C:\Users\User\Desktop\LPS_PR~1\Sources\Software\PRODUC~1\LANDMA~1\LANDMA~1\ARDUIN~1\Debug\libArduinoCore.a(HardwareSerial.o)
 .debug_line    0x0000108f      0x2a1 C:\Users\User\Desktop\LPS_PR~1\Sources\Software\PRODUC~1\LANDMA~1\LANDMA~1\ARDUIN~1\Debug\libArduinoCore.a(HardwareSerial0.o)
 .debug_line    0x00001330      0x17a C:\Users\User\Desktop\LPS_PR~1\Sources\Software\PRODUC~1\LANDMA~1\LANDMA~1\ARDUIN~1\Debug\libArduinoCore.a(main.o)
 .debug_line    0x000014aa      0x69a C:\Users\User\Desktop\LPS_PR~1\Sources\Software\PRODUC~1\LANDMA~1\LANDMA~1\ARDUIN~1\Debug\libArduinoCore.a(Print.o)
 .debug_line    0x00001b44      0x1b5 C:\Users\User\Desktop\LPS_PR~1\Sources\Software\PRODUC~1\LANDMA~1\LANDMA~1\ARDUIN~1\Debug\libArduinoCore.a(WInterrupts.o)
 .debug_line    0x00001cf9      0x2ae C:\Users\User\Desktop\LPS_PR~1\Sources\Software\PRODUC~1\LANDMA~1\LANDMA~1\ARDUIN~1\Debug\libArduinoCore.a(wiring.o)
 .debug_line    0x00001fa7      0x267 C:\Users\User\Desktop\LPS_PR~1\Sources\Software\PRODUC~1\LANDMA~1\LANDMA~1\ARDUIN~1\Debug\libArduinoCore.a(wiring_digital.o)
 .debug_line    0x0000220e       0x41 C:\Users\User\Desktop\LPS_PR~1\Sources\Software\PRODUC~1\LANDMA~1\LANDMA~1\ARDUIN~1\Debug\libArduinoCore.a(hooks.o)

.debug_frame    0x00000000      0xb90
 *(.debug_frame)
 .debug_frame   0x00000000      0x1f4 Drivers/LandmarkReader.o
 .debug_frame   0x000001f4      0x154 Sketch.o
 .debug_frame   0x00000348      0x110 C:\Users\User\Desktop\LPS_PR~1\Sources\Software\PRODUC~1\LANDMA~1\LANDMA~1\ARDUIN~1\Debug\libArduinoCore.a(HardwareSerial.o)
 .debug_frame   0x00000458       0xe0 C:\Users\User\Desktop\LPS_PR~1\Sources\Software\PRODUC~1\LANDMA~1\LANDMA~1\ARDUIN~1\Debug\libArduinoCore.a(HardwareSerial0.o)
 .debug_frame   0x00000538       0x54 C:\Users\User\Desktop\LPS_PR~1\Sources\Software\PRODUC~1\LANDMA~1\LANDMA~1\ARDUIN~1\Debug\libArduinoCore.a(main.o)
 .debug_frame   0x0000058c      0x3ac C:\Users\User\Desktop\LPS_PR~1\Sources\Software\PRODUC~1\LANDMA~1\LANDMA~1\ARDUIN~1\Debug\libArduinoCore.a(Print.o)
 .debug_frame   0x00000938       0xf4 C:\Users\User\Desktop\LPS_PR~1\Sources\Software\PRODUC~1\LANDMA~1\LANDMA~1\ARDUIN~1\Debug\libArduinoCore.a(WInterrupts.o)
 .debug_frame   0x00000a2c       0xc4 C:\Users\User\Desktop\LPS_PR~1\Sources\Software\PRODUC~1\LANDMA~1\LANDMA~1\ARDUIN~1\Debug\libArduinoCore.a(wiring.o)
 .debug_frame   0x00000af0       0x7c C:\Users\User\Desktop\LPS_PR~1\Sources\Software\PRODUC~1\LANDMA~1\LANDMA~1\ARDUIN~1\Debug\libArduinoCore.a(wiring_digital.o)
 .debug_frame   0x00000b6c       0x24 C:\Users\User\Desktop\LPS_PR~1\Sources\Software\PRODUC~1\LANDMA~1\LANDMA~1\ARDUIN~1\Debug\libArduinoCore.a(hooks.o)

.debug_str      0x00000000     0x26ae
 *(.debug_str)
 .debug_str     0x00000000      0x208 C:/Program Files (x86)/Atmel/Studio/7.0/Packs/atmel/ATmega_DFP/1.2.209/gcc/dev/atmega328p/avr5/crtatmega328p.o
 .debug_str     0x00000208      0x963 Drivers/LandmarkReader.o
                                0xa9b (size before relaxing)
 .debug_str     0x00000b6b       0xcc Sketch.o
                                0x9cb (size before relaxing)
 .debug_str     0x00000c37     0x1345 C:\Users\User\Desktop\LPS_PR~1\Sources\Software\PRODUC~1\LANDMA~1\LANDMA~1\ARDUIN~1\Debug\libArduinoCore.a(HardwareSerial.o)
                               0x1632 (size before relaxing)
 .debug_str     0x00001f7c       0x86 C:\Users\User\Desktop\LPS_PR~1\Sources\Software\PRODUC~1\LANDMA~1\LANDMA~1\ARDUIN~1\Debug\libArduinoCore.a(HardwareSerial0.o)
                               0x1425 (size before relaxing)
 .debug_str     0x00002002       0x37 C:\Users\User\Desktop\LPS_PR~1\Sources\Software\PRODUC~1\LANDMA~1\LANDMA~1\ARDUIN~1\Debug\libArduinoCore.a(main.o)
                                0x2d1 (size before relaxing)
 .debug_str     0x00002039      0x3b4 C:\Users\User\Desktop\LPS_PR~1\Sources\Software\PRODUC~1\LANDMA~1\LANDMA~1\ARDUIN~1\Debug\libArduinoCore.a(Print.o)
                               0x125f (size before relaxing)
 .debug_str     0x000023ed      0x15b C:\Users\User\Desktop\LPS_PR~1\Sources\Software\PRODUC~1\LANDMA~1\LANDMA~1\ARDUIN~1\Debug\libArduinoCore.a(WInterrupts.o)
                                0x254 (size before relaxing)
 .debug_str     0x00002548       0x88 C:\Users\User\Desktop\LPS_PR~1\Sources\Software\PRODUC~1\LANDMA~1\LANDMA~1\ARDUIN~1\Debug\libArduinoCore.a(wiring.o)
                                0x267 (size before relaxing)
 .debug_str     0x000025d0       0xc2 C:\Users\User\Desktop\LPS_PR~1\Sources\Software\PRODUC~1\LANDMA~1\LANDMA~1\ARDUIN~1\Debug\libArduinoCore.a(wiring_digital.o)
                                0x2cc (size before relaxing)
 .debug_str     0x00002692       0x1c C:\Users\User\Desktop\LPS_PR~1\Sources\Software\PRODUC~1\LANDMA~1\LANDMA~1\ARDUIN~1\Debug\libArduinoCore.a(hooks.o)
                                0x15c (size before relaxing)

.debug_loc      0x00000000     0x3bd1
 *(.debug_loc)
 .debug_loc     0x00000000      0x965 Drivers/LandmarkReader.o
 .debug_loc     0x00000965      0x49b Sketch.o
 .debug_loc     0x00000e00      0x4dc C:\Users\User\Desktop\LPS_PR~1\Sources\Software\PRODUC~1\LANDMA~1\LANDMA~1\ARDUIN~1\Debug\libArduinoCore.a(HardwareSerial.o)
 .debug_loc     0x000012dc      0x1b0 C:\Users\User\Desktop\LPS_PR~1\Sources\Software\PRODUC~1\LANDMA~1\LANDMA~1\ARDUIN~1\Debug\libArduinoCore.a(HardwareSerial0.o)
 .debug_loc     0x0000148c     0x1c87 C:\Users\User\Desktop\LPS_PR~1\Sources\Software\PRODUC~1\LANDMA~1\LANDMA~1\ARDUIN~1\Debug\libArduinoCore.a(Print.o)
 .debug_loc     0x00003113      0x235 C:\Users\User\Desktop\LPS_PR~1\Sources\Software\PRODUC~1\LANDMA~1\LANDMA~1\ARDUIN~1\Debug\libArduinoCore.a(WInterrupts.o)
 .debug_loc     0x00003348      0x28d C:\Users\User\Desktop\LPS_PR~1\Sources\Software\PRODUC~1\LANDMA~1\LANDMA~1\ARDUIN~1\Debug\libArduinoCore.a(wiring.o)
 .debug_loc     0x000035d5      0x5fc C:\Users\User\Desktop\LPS_PR~1\Sources\Software\PRODUC~1\LANDMA~1\LANDMA~1\ARDUIN~1\Debug\libArduinoCore.a(wiring_digital.o)

.debug_macinfo
 *(.debug_macinfo)

.debug_weaknames
 *(.debug_weaknames)

.debug_funcnames
 *(.debug_funcnames)

.debug_typenames
 *(.debug_typenames)

.debug_varnames
 *(.debug_varnames)

.debug_pubtypes
 *(.debug_pubtypes)

.debug_ranges   0x00000000      0x2f8
 *(.debug_ranges)
 .debug_ranges  0x00000000       0x40 Drivers/LandmarkReader.o
 .debug_ranges  0x00000040       0x48 Sketch.o
 .debug_ranges  0x00000088       0x58 C:\Users\User\Desktop\LPS_PR~1\Sources\Software\PRODUC~1\LANDMA~1\LANDMA~1\ARDUIN~1\Debug\libArduinoCore.a(HardwareSerial.o)
 .debug_ranges  0x000000e0       0x38 C:\Users\User\Desktop\LPS_PR~1\Sources\Software\PRODUC~1\LANDMA~1\LANDMA~1\ARDUIN~1\Debug\libArduinoCore.a(HardwareSerial0.o)
 .debug_ranges  0x00000118       0x20 C:\Users\User\Desktop\LPS_PR~1\Sources\Software\PRODUC~1\LANDMA~1\LANDMA~1\ARDUIN~1\Debug\libArduinoCore.a(main.o)
 .debug_ranges  0x00000138      0x120 C:\Users\User\Desktop\LPS_PR~1\Sources\Software\PRODUC~1\LANDMA~1\LANDMA~1\ARDUIN~1\Debug\libArduinoCore.a(Print.o)
 .debug_ranges  0x00000258       0x30 C:\Users\User\Desktop\LPS_PR~1\Sources\Software\PRODUC~1\LANDMA~1\LANDMA~1\ARDUIN~1\Debug\libArduinoCore.a(WInterrupts.o)
 .debug_ranges  0x00000288       0x38 C:\Users\User\Desktop\LPS_PR~1\Sources\Software\PRODUC~1\LANDMA~1\LANDMA~1\ARDUIN~1\Debug\libArduinoCore.a(wiring.o)
 .debug_ranges  0x000002c0       0x28 C:\Users\User\Desktop\LPS_PR~1\Sources\Software\PRODUC~1\LANDMA~1\LANDMA~1\ARDUIN~1\Debug\libArduinoCore.a(wiring_digital.o)
 .debug_ranges  0x000002e8       0x10 C:\Users\User\Desktop\LPS_PR~1\Sources\Software\PRODUC~1\LANDMA~1\LANDMA~1\ARDUIN~1\Debug\libArduinoCore.a(hooks.o)

.debug_macro
 *(.debug_macro)
OUTPUT(_SHA_LinePositionCorrection.elf elf32-avr)
LOAD linker stubs
